kotlin version: 2.0.20
error message: java.nio.file.InvalidPathException: Malformed input or input contains unmappable characters: /home/user/ideashelf/android/app/build/tmp/kotlin-classes/debugUnitTest/com/almarar/mahami/AiClientTest$الطلب يحمل المفتاح والنموذج وسجل المحادثة$1.class
	at java.base/sun.nio.fs.UnixPath.encode(UnixPath.java:129)
	at java.base/sun.nio.fs.UnixPath.<init>(UnixPath.java:76)
	at java.base/sun.nio.fs.UnixFileSystem.getPath(UnixFileSystem.java:312)
	at java.base/java.io.File.toPath(File.java:2401)
	at org.jetbrains.kotlin.incremental.TransactionOutputsRegistrar.add(CompilationTransaction.kt:279)
	at org.jetbrains.kotlin.compilerRunner.MessageCollectorToOutputItemsCollectorAdapter.report(MessageCollectorToOutputItemsCollectorAdapter.kt:31)
	at org.jetbrains.kotlin.cli.common.messages.GroupingMessageCollector.report(GroupingMessageCollector.java:55)
	at org.jetbrains.kotlin.cli.common.messages.MessageCollector.report$default(MessageCollector.kt:12)
	at org.jetbrains.kotlin.cli.common.output.OutputUtilsKt.writeAll$lambda$0(outputUtils.kt:54)
	at org.jetbrains.kotlin.cli.common.output.OutputUtilsKt.writeAll(outputUtils.kt:31)
	at org.jetbrains.kotlin.cli.common.output.OutputUtilsKt.writeAll(outputUtils.kt:53)
	at org.jetbrains.kotlin.cli.jvm.compiler.CliCompilerUtilsKt.writeOutput(cliCompilerUtils.kt:133)
	at org.jetbrains.kotlin.cli.jvm.compiler.CliCompilerUtilsKt.createOutputFilesFlushingCallbackIfPossible$lambda$7(cliCompilerUtils.kt:94)
	at org.jetbrains.kotlin.codegen.state.GenerationStateKt$GenerationStateEventCallback$1.invoke(GenerationState.kt:399)
	at org.jetbrains.kotlin.codegen.state.GenerationStateKt$GenerationStateEventCallback$1.invoke(GenerationState.kt:398)
	at org.jetbrains.kotlin.codegen.state.GenerationState.afterIndependentPart(GenerationState.kt:350)
	at org.jetbrains.kotlin.backend.jvm.JvmIrCodegenFactory.invokeCodegen(JvmIrCodegenFactory.kt:376)
	at org.jetbrains.kotlin.codegen.CodegenFactory.generateModule(CodegenFactory.kt:47)
	at org.jetbrains.kotlin.backend.jvm.JvmIrCodegenFactory.generateModuleInFrontendIRMode(JvmIrCodegenFactory.kt:433)
	at org.jetbrains.kotlin.cli.jvm.compiler.pipeline.JvmCompilerPipelineKt.generateCodeFromIr(jvmCompilerPipeline.kt:246)
	at org.jetbrains.kotlin.cli.jvm.compiler.pipeline.JvmCompilerPipelineKt.compileModulesUsingFrontendIrAndLightTree(jvmCompilerPipeline.kt:142)
	at org.jetbrains.kotlin.cli.jvm.K2JVMCompiler.doExecute(K2JVMCompiler.kt:148)
	at org.jetbrains.kotlin.cli.jvm.K2JVMCompiler.doExecute(K2JVMCompiler.kt:43)
	at org.jetbrains.kotlin.cli.common.CLICompiler.execImpl(CLICompiler.kt:103)
	at org.jetbrains.kotlin.cli.common.CLICompiler.execImpl(CLICompiler.kt:49)
	at org.jetbrains.kotlin.cli.common.CLITool.exec(CLITool.kt:101)
	at org.jetbrains.kotlin.incremental.IncrementalJvmCompilerRunner.runCompiler(IncrementalJvmCompilerRunner.kt:464)
	at org.jetbrains.kotlin.incremental.IncrementalJvmCompilerRunner.runCompiler(IncrementalJvmCompilerRunner.kt:73)
	at org.jetbrains.kotlin.incremental.IncrementalCompilerRunner.doCompile(IncrementalCompilerRunner.kt:506)
	at org.jetbrains.kotlin.incremental.IncrementalCompilerRunner.compileImpl(IncrementalCompilerRunner.kt:423)
	at org.jetbrains.kotlin.incremental.IncrementalCompilerRunner.tryCompileIncrementally$lambda$9$compile(IncrementalCompilerRunner.kt:249)
	at org.jetbrains.kotlin.incremental.IncrementalCompilerRunner.tryCompileIncrementally(IncrementalCompilerRunner.kt:267)
	at org.jetbrains.kotlin.incremental.IncrementalCompilerRunner.compile(IncrementalCompilerRunner.kt:120)
	at org.jetbrains.kotlin.daemon.CompileServiceImplBase.execIncrementalCompiler(CompileServiceImpl.kt:675)
	at org.jetbrains.kotlin.daemon.CompileServiceImplBase.access$execIncrementalCompiler(CompileServiceImpl.kt:92)
	at org.jetbrains.kotlin.daemon.CompileServiceImpl.compile(CompileServiceImpl.kt:1660)
	at java.base/jdk.internal.reflect.DirectMethodHandleAccessor.invoke(DirectMethodHandleAccessor.java:103)
	at java.base/java.lang.reflect.Method.invoke(Method.java:580)
	at java.rmi/sun.rmi.server.UnicastServerRef.dispatch(UnicastServerRef.java:360)
	at java.rmi/sun.rmi.transport.Transport$1.run(Transport.java:200)
	at java.rmi/sun.rmi.transport.Transport$1.run(Transport.java:197)
	at java.base/java.security.AccessController.doPrivileged(AccessController.java:714)
	at java.rmi/sun.rmi.transport.Transport.serviceCall(Transport.java:196)
	at java.rmi/sun.rmi.transport.tcp.TCPTransport.handleMessages(TCPTransport.java:598)
	at java.rmi/sun.rmi.transport.tcp.TCPTransport$ConnectionHandler.run0(TCPTransport.java:844)
	at java.rmi/sun.rmi.transport.tcp.TCPTransport$ConnectionHandler.lambda$run$0(TCPTransport.java:721)
	at java.base/java.security.AccessController.doPrivileged(AccessController.java:400)
	at java.rmi/sun.rmi.transport.tcp.TCPTransport$ConnectionHandler.run(TCPTransport.java:720)
	at java.base/java.util.concurrent.ThreadPoolExecutor.runWorker(ThreadPoolExecutor.java:1144)
	at java.base/java.util.concurrent.ThreadPoolExecutor$Worker.run(ThreadPoolExecutor.java:642)
	at java.base/java.lang.Thread.run(Thread.java:1583)


